// Jest Snapshot v1, https://goo.gl/fbAQLP

exports[`Header Проверка Header снапшота 1`] = `
<div
  className="dashboard-header"
>
  <div
    className="dashboard-header-logo"
  >
    <span
      className="dashboard-header-logo-icon"
    />
    ISMAX icsystem
  </div>
  <div
    className="dashboard-header-toolbar"
  >
    <a
      className="dashboard-header-toolbar-btn dashboard-header-toolbar-btn-toggle"
      onClick={[Function]}
    >
      <span
        className="dashboard-header-toolbar-btn-toggle-icon fa fa-navicon"
      />
    </a>
    <a
      className="dashboard-header-toolbar-btn dashboard-header-toolbar-btn-toggle dashboard-header-toolbar-btn-toggle_mobile"
      onClick={[Function]}
    >
      <span
        className="dashboard-header-toolbar-btn-toggle-icon fa fa-navicon"
      />
    </a>
    <a
      className="dashboard-header-toolbar-btn dashboard-header-toolbar-btn-logout"
    >
      <span
        className="dashboard-header-toolbar-btn-toggle-icon fa fa-sign-out"
      />
    </a>
    <a
      className="dashboard-header-toolbar-label"
    />
    <a
      className="dashboard-header-toolbar-photo"
    >
      <span
        className="dashboard-header-toolbar-photo-icon fa fa-user-circle-o"
      />
    </a>
  </div>
</div>
`;
